<?xml version="1.0" encoding="utf-8"?><testsuites name="pytest tests"><testsuite name="pytest" errors="0" failures="0" skipped="0" tests="28" time="0.889" timestamp="2026-03-06T14:48:19.797673+00:00" hostname="runnervm0kj6c"><testcase classname="tests.unit.scripts.python.test_select_poet_triptych.TestConfigFiles" name="test_tone_map_loads" time="0.004" /><testcase classname="tests.unit.scripts.python.test_select_poet_triptych.TestConfigFiles" name="test_tone_map_has_33_poets" time="0.002" /><testcase classname="tests.unit.scripts.python.test_select_poet_triptych.TestConfigFiles" name="test_mori_has_10_poets" time="0.001" /><testcase classname="tests.unit.scripts.python.test_select_poet_triptych.TestConfigFiles" name="test_vivere_has_13_poets" time="0.001" /><testcase classname="tests.unit.scripts.python.test_select_poet_triptych.TestConfigFiles" name="test_carpe_has_10_poets" time="0.001" /><testcase classname="tests.unit.scripts.python.test_select_poet_triptych.TestConfigFiles" name="test_each_poet_has_required_fields" time="0.001" /><testcase classname="tests.unit.scripts.python.test_select_poet_triptych.TestConfigFiles" name="test_anchor_poets_present" time="0.001" /><testcase classname="tests.unit.scripts.python.test_select_poet_triptych.TestConfigFiles" name="test_grounding_star_present" time="0.001" /><testcase classname="tests.unit.scripts.python.test_select_poet_triptych.TestConfigFiles" name="test_scaffolds_loads" time="0.001" /><testcase classname="tests.unit.scripts.python.test_select_poet_triptych.TestConfigFiles" name="test_scaffold_ids_present" time="0.001" /><testcase classname="tests.unit.scripts.python.test_select_poet_triptych.TestConfigFiles" name="test_each_scaffold_has_required_fields" time="0.001" /><testcase classname="tests.unit.scripts.python.test_select_poet_triptych.TestConfigFiles" name="test_image_banks_present" time="0.001" /><testcase classname="tests.unit.scripts.python.test_select_poet_triptych.TestStateSelection" name="test_forced_state_returned" time="0.001" /><testcase classname="tests.unit.scripts.python.test_select_poet_triptych.TestStateSelection" name="test_invalid_forced_state_raises" time="0.002" /><testcase classname="tests.unit.scripts.python.test_select_poet_triptych.TestStateSelection" name="test_empty_history_returns_valid_state" time="0.002" /><testcase classname="tests.unit.scripts.python.test_select_poet_triptych.TestStateSelection" name="test_auto_correction_triggers_when_mori_deficient" time="0.002" /><testcase classname="tests.unit.scripts.python.test_select_poet_triptych.TestStateSelection" name="test_auto_correction_triggers_when_carpe_deficient" time="0.002" /><testcase classname="tests.unit.scripts.python.test_select_poet_triptych.TestPoetSelection" name="test_poet_selected_from_correct_state" time="0.002" /><testcase classname="tests.unit.scripts.python.test_select_poet_triptych.TestPoetSelection" name="test_no_repeat_within_window" time="0.002" /><testcase classname="tests.unit.scripts.python.test_select_poet_triptych.TestScaffoldSelection" name="test_mori_state_returns_mori_scaffold" time="0.002" /><testcase classname="tests.unit.scripts.python.test_select_poet_triptych.TestScaffoldSelection" name="test_vivere_state_returns_vivere_scaffold" time="0.002" /><testcase classname="tests.unit.scripts.python.test_select_poet_triptych.TestScaffoldSelection" name="test_carpe_state_returns_carpe_scaffold" time="0.001" /><testcase classname="tests.unit.scripts.python.test_select_poet_triptych.TestScaffoldSelection" name="test_star_invocation_returns_full_triptych" time="0.002" /><testcase classname="tests.unit.scripts.python.test_select_poet_triptych.TestStarInvocation" name="test_star_invocation_within_range" time="0.002" /><testcase classname="tests.unit.scripts.python.test_select_poet_triptych.TestDistribution" name="test_ratio_distribution_over_100_poems" time="0.367" /><testcase classname="tests.unit.scripts.python.test_select_poet_triptych.TestDistribution" name="test_no_poet_repeat_in_window" time="0.017" /><testcase classname="tests.unit.scripts.python.test_select_poet_triptych.TestDistribution" name="test_select_returns_required_fields" time="0.002" /><testcase classname="tests.unit.scripts.python.test_select_poet_triptych.TestDistribution" name="test_dry_run_does_not_write_history" time="0.002" /></testsuite></testsuites>